../Core/TSL2591/DEV_Config.c:24:6:DEV_GPIO_Mode	24	static
../Core/TSL2591/DEV_Config.c:44:6:DEV_Delay_ms	0	static
../Core/TSL2591/DEV_Config.c:49:6:GPIO_Config	0	static
../Core/TSL2591/DEV_Config.c:59:6:DEV_SPI_Init	0	static
../Core/TSL2591/DEV_Config.c:66:6:DEV_SPI_WriteByte	0	static
../Core/TSL2591/DEV_Config.c:73:6:DEV_SPI_Write_nByte	0	static
../Core/TSL2591/DEV_Config.c:85:6:DEV_I2C_Init	0	static
../Core/TSL2591/DEV_Config.c:98:6:I2C_Write_Byte	32	static
../Core/TSL2591/DEV_Config.c:109:5:I2C_Read_Byte	32	static
../Core/TSL2591/DEV_Config.c:121:5:I2C_Read_Word	32	static
../Core/TSL2591/DEV_Config.c:133:7:DEV_ModuleInit	8	static
../Core/TSL2591/DEV_Config.c:140:6:DEV_ModuleExit	0	static
